Analysis & Synthesis report for TOPM
Sun Jul 12 23:27:43 2026
Quartus Prime Version 18.1.0 Build 625 09/12/2018 SJ Lite Edition


---------------------
; Table of Contents ;
---------------------
  1. Legal Notice
  2. Analysis & Synthesis Summary
  3. Analysis & Synthesis Settings
  4. Parallel Compilation
  5. Analysis & Synthesis Source Files Read
  6. Analysis & Synthesis Resource Usage Summary
  7. Analysis & Synthesis Resource Utilization by Entity
  8. State Machine - |TOPM|spi_control:u_spi_block|state
  9. User-Specified and Inferred Latches
 10. Registers Removed During Synthesis
 11. General Register Statistics
 12. Multiplexer Restructuring Statistics (Restructuring Performed)
 13. Port Connectivity Checks: "SDES:u_sdes_core"
 14. Post-Synthesis Netlist Statistics for Top Partition
 15. Elapsed Time Per Partition
 16. Analysis & Synthesis Messages



----------------
; Legal Notice ;
----------------
Copyright (C) 2018  Intel Corporation. All rights reserved.
Your use of Intel Corporation's design tools, logic functions 
and other software and tools, and its AMPP partner logic 
functions, and any output files from any of the foregoing 
(including device programming or simulation files), and any 
associated documentation or information are expressly subject 
to the terms and conditions of the Intel Program License 
Subscription Agreement, the Intel Quartus Prime License Agreement,
the Intel FPGA IP License Agreement, or other applicable license
agreement, including, without limitation, that your use is for
the sole purpose of programming logic devices manufactured by
Intel and sold by Intel or its authorized distributors.  Please
refer to the applicable agreement for further details.



+-------------------------------------------------------------------------------+
; Analysis & Synthesis Summary                                                  ;
+---------------------------------+---------------------------------------------+
; Analysis & Synthesis Status     ; Successful - Sun Jul 12 23:27:43 2026       ;
; Quartus Prime Version           ; 18.1.0 Build 625 09/12/2018 SJ Lite Edition ;
; Revision Name                   ; TOPM                                        ;
; Top-level Entity Name           ; TOPM                                        ;
; Family                          ; Cyclone V                                   ;
; Logic utilization (in ALMs)     ; N/A                                         ;
; Total registers                 ; 56                                          ;
; Total pins                      ; 6                                           ;
; Total virtual pins              ; 0                                           ;
; Total block memory bits         ; 0                                           ;
; Total DSP Blocks                ; 0                                           ;
; Total HSSI RX PCSs              ; 0                                           ;
; Total HSSI PMA RX Deserializers ; 0                                           ;
; Total HSSI TX PCSs              ; 0                                           ;
; Total HSSI PMA TX Serializers   ; 0                                           ;
; Total PLLs                      ; 0                                           ;
; Total DLLs                      ; 0                                           ;
+---------------------------------+---------------------------------------------+


+---------------------------------------------------------------------------------------------------------------------------+
; Analysis & Synthesis Settings                                                                                             ;
+---------------------------------------------------------------------------------+--------------------+--------------------+
; Option                                                                          ; Setting            ; Default Value      ;
+---------------------------------------------------------------------------------+--------------------+--------------------+
; Device                                                                          ; 5CGXFC7C7F23C8     ;                    ;
; Top-level entity name                                                           ; TOPM               ; TOPM               ;
; Family name                                                                     ; Cyclone V          ; Cyclone V          ;
; Use smart compilation                                                           ; Off                ; Off                ;
; Enable parallel Assembler and Timing Analyzer during compilation                ; On                 ; On                 ;
; Enable compact report table                                                     ; Off                ; Off                ;
; Restructure Multiplexers                                                        ; Auto               ; Auto               ;
; MLAB Add Timing Constraints For Mixed-Port Feed-Through Mode Setting Don't Care ; Off                ; Off                ;
; Create Debugging Nodes for IP Cores                                             ; Off                ; Off                ;
; Preserve fewer node names                                                       ; On                 ; On                 ;
; Intel FPGA IP Evaluation Mode                                                   ; Enable             ; Enable             ;
; Verilog Version                                                                 ; Verilog_2001       ; Verilog_2001       ;
; VHDL Version                                                                    ; VHDL_1993          ; VHDL_1993          ;
; State Machine Processing                                                        ; Auto               ; Auto               ;
; Safe State Machine                                                              ; Off                ; Off                ;
; Extract Verilog State Machines                                                  ; On                 ; On                 ;
; Extract VHDL State Machines                                                     ; On                 ; On                 ;
; Ignore Verilog initial constructs                                               ; Off                ; Off                ;
; Iteration limit for constant Verilog loops                                      ; 5000               ; 5000               ;
; Iteration limit for non-constant Verilog loops                                  ; 250                ; 250                ;
; Add Pass-Through Logic to Inferred RAMs                                         ; On                 ; On                 ;
; Infer RAMs from Raw Logic                                                       ; On                 ; On                 ;
; Parallel Synthesis                                                              ; On                 ; On                 ;
; DSP Block Balancing                                                             ; Auto               ; Auto               ;
; NOT Gate Push-Back                                                              ; On                 ; On                 ;
; Power-Up Don't Care                                                             ; On                 ; On                 ;
; Remove Redundant Logic Cells                                                    ; Off                ; Off                ;
; Remove Duplicate Registers                                                      ; On                 ; On                 ;
; Ignore CARRY Buffers                                                            ; Off                ; Off                ;
; Ignore CASCADE Buffers                                                          ; Off                ; Off                ;
; Ignore GLOBAL Buffers                                                           ; Off                ; Off                ;
; Ignore ROW GLOBAL Buffers                                                       ; Off                ; Off                ;
; Ignore LCELL Buffers                                                            ; Off                ; Off                ;
; Ignore SOFT Buffers                                                             ; On                 ; On                 ;
; Limit AHDL Integers to 32 Bits                                                  ; Off                ; Off                ;
; Optimization Technique                                                          ; Balanced           ; Balanced           ;
; Carry Chain Length                                                              ; 70                 ; 70                 ;
; Auto Carry Chains                                                               ; On                 ; On                 ;
; Auto Open-Drain Pins                                                            ; On                 ; On                 ;
; Perform WYSIWYG Primitive Resynthesis                                           ; Off                ; Off                ;
; Auto ROM Replacement                                                            ; On                 ; On                 ;
; Auto RAM Replacement                                                            ; On                 ; On                 ;
; Auto DSP Block Replacement                                                      ; On                 ; On                 ;
; Auto Shift Register Replacement                                                 ; Auto               ; Auto               ;
; Allow Shift Register Merging across Hierarchies                                 ; Auto               ; Auto               ;
; Auto Clock Enable Replacement                                                   ; On                 ; On                 ;
; Strict RAM Replacement                                                          ; Off                ; Off                ;
; Allow Synchronous Control Signals                                               ; On                 ; On                 ;
; Force Use of Synchronous Clear Signals                                          ; Off                ; Off                ;
; Auto Resource Sharing                                                           ; Off                ; Off                ;
; Allow Any RAM Size For Recognition                                              ; Off                ; Off                ;
; Allow Any ROM Size For Recognition                                              ; Off                ; Off                ;
; Allow Any Shift Register Size For Recognition                                   ; Off                ; Off                ;
; Use LogicLock Constraints during Resource Balancing                             ; On                 ; On                 ;
; Ignore translate_off and synthesis_off directives                               ; Off                ; Off                ;
; Timing-Driven Synthesis                                                         ; On                 ; On                 ;
; Report Parameter Settings                                                       ; On                 ; On                 ;
; Report Source Assignments                                                       ; On                 ; On                 ;
; Report Connectivity Checks                                                      ; On                 ; On                 ;
; Ignore Maximum Fan-Out Assignments                                              ; Off                ; Off                ;
; Synchronization Register Chain Length                                           ; 3                  ; 3                  ;
; Power Optimization During Synthesis                                             ; Normal compilation ; Normal compilation ;
; HDL message level                                                               ; Level2             ; Level2             ;
; Suppress Register Optimization Related Messages                                 ; Off                ; Off                ;
; Number of Removed Registers Reported in Synthesis Report                        ; 5000               ; 5000               ;
; Number of Swept Nodes Reported in Synthesis Report                              ; 5000               ; 5000               ;
; Number of Inverted Registers Reported in Synthesis Report                       ; 100                ; 100                ;
; Clock MUX Protection                                                            ; On                 ; On                 ;
; Auto Gated Clock Conversion                                                     ; Off                ; Off                ;
; Block Design Naming                                                             ; Auto               ; Auto               ;
; SDC constraint protection                                                       ; Off                ; Off                ;
; Synthesis Effort                                                                ; Auto               ; Auto               ;
; Shift Register Replacement - Allow Asynchronous Clear Signal                    ; On                 ; On                 ;
; Pre-Mapping Resynthesis Optimization                                            ; Off                ; Off                ;
; Analysis & Synthesis Message Level                                              ; Medium             ; Medium             ;
; Disable Register Merging Across Hierarchies                                     ; Auto               ; Auto               ;
; Resource Aware Inference For Block RAM                                          ; On                 ; On                 ;
; Automatic Parallel Synthesis                                                    ; On                 ; On                 ;
; Partial Reconfiguration Bitstream ID                                            ; Off                ; Off                ;
+---------------------------------------------------------------------------------+--------------------+--------------------+


+------------------------------------------+
; Parallel Compilation                     ;
+----------------------------+-------------+
; Processors                 ; Number      ;
+----------------------------+-------------+
; Number detected on machine ; 16          ;
; Maximum allowed            ; 16          ;
;                            ;             ;
; Average used               ; 1.00        ;
; Maximum used               ; 16          ;
;                            ;             ;
; Usage by Processor         ; % Time Used ;
;     Processor 1            ; 100.0%      ;
;     Processors 2-16        ;   0.0%      ;
+----------------------------+-------------+


+-----------------------------------------------------------------------------------------------------------------------------------------------------------------------------------+
; Analysis & Synthesis Source Files Read                                                                                                                                            ;
+----------------------------------+-----------------+------------------------+-------------------------------------------------------------------------------------------+---------+
; File Name with User-Entered Path ; Used in Netlist ; File Type              ; File Name with Absolute Path                                                              ; Library ;
+----------------------------------+-----------------+------------------------+-------------------------------------------------------------------------------------------+---------+
; TOPM.v                           ; yes             ; User Verilog HDL File  ; D:/ACADS/CHIPATHON/2026/Chipaton-IEEE-2026-Track-A-Team-Elka1/S-DES Verilog/TOPM.v        ;         ;
; spi_control.v                    ; yes             ; User Verilog HDL File  ; D:/ACADS/CHIPATHON/2026/Chipaton-IEEE-2026-Track-A-Team-Elka1/S-DES Verilog/spi_control.v ;         ;
; SDES_En.v                        ; yes             ; User Verilog HDL File  ; D:/ACADS/CHIPATHON/2026/Chipaton-IEEE-2026-Track-A-Team-Elka1/S-DES Verilog/SDES_En.v     ;         ;
+----------------------------------+-----------------+------------------------+-------------------------------------------------------------------------------------------+---------+


+--------------------------------------------------------------+
; Analysis & Synthesis Resource Usage Summary                  ;
+---------------------------------------------+----------------+
; Resource                                    ; Usage          ;
+---------------------------------------------+----------------+
; Estimate of Logic utilization (ALMs needed) ; 40             ;
;                                             ;                ;
; Combinational ALUT usage for logic          ; 56             ;
;     -- 7 input functions                    ; 0              ;
;     -- 6 input functions                    ; 11             ;
;     -- 5 input functions                    ; 14             ;
;     -- 4 input functions                    ; 9              ;
;     -- <=3 input functions                  ; 22             ;
;                                             ;                ;
; Dedicated logic registers                   ; 56             ;
;                                             ;                ;
; I/O pins                                    ; 6              ;
;                                             ;                ;
; Total DSP Blocks                            ; 0              ;
;                                             ;                ;
; Maximum fan-out node                        ; SPI_SCLK~input ;
; Maximum fan-out                             ; 56             ;
; Total fan-out                               ; 448            ;
; Average fan-out                             ; 3.61           ;
+---------------------------------------------+----------------+


+----------------------------------------------------------------------------------------------------------------------------------------------------------------------------------------------------+
; Analysis & Synthesis Resource Utilization by Entity                                                                                                                                                ;
+------------------------------+---------------------+---------------------------+-------------------+------------+------+--------------+-------------------------------+-------------+--------------+
; Compilation Hierarchy Node   ; Combinational ALUTs ; Dedicated Logic Registers ; Block Memory Bits ; DSP Blocks ; Pins ; Virtual Pins ; Full Hierarchy Name           ; Entity Name ; Library Name ;
+------------------------------+---------------------+---------------------------+-------------------+------------+------+--------------+-------------------------------+-------------+--------------+
; |TOPM                        ; 56 (0)              ; 56 (0)                    ; 0                 ; 0          ; 6    ; 0            ; |TOPM                         ; TOPM        ; work         ;
;    |SDES:u_sdes_core|        ; 32 (32)             ; 0 (0)                     ; 0                 ; 0          ; 0    ; 0            ; |TOPM|SDES:u_sdes_core        ; SDES        ; work         ;
;    |spi_control:u_spi_block| ; 24 (24)             ; 56 (56)                   ; 0                 ; 0          ; 0    ; 0            ; |TOPM|spi_control:u_spi_block ; spi_control ; work         ;
+------------------------------+---------------------+---------------------------+-------------------+------------+------+--------------+-------------------------------+-------------+--------------+
Note: For table entries with two numbers listed, the numbers in parentheses indicate the number of resources of the given type used by the specific entity alone. The numbers listed outside of parentheses indicate the total resources of the given type used by the specific entity and all of its sub-entities in the hierarchy.


Encoding Type:  One-Hot
+------------------------------------------------------------------------------------------------------------+
; State Machine - |TOPM|spi_control:u_spi_block|state                                                        ;
+----------------------+----------------------+---------------------+---------------------+------------------+
; Name                 ; state.STATE_TRANSMIT ; state.STATE_COMPUTE ; state.STATE_RECEIVE ; state.STATE_IDLE ;
+----------------------+----------------------+---------------------+---------------------+------------------+
; state.STATE_IDLE     ; 0                    ; 0                   ; 0                   ; 0                ;
; state.STATE_RECEIVE  ; 0                    ; 0                   ; 1                   ; 1                ;
; state.STATE_COMPUTE  ; 0                    ; 1                   ; 0                   ; 1                ;
; state.STATE_TRANSMIT ; 1                    ; 0                   ; 0                   ; 1                ;
+----------------------+----------------------+---------------------+---------------------+------------------+


+------------------------------------------------------------------------------------------------------------------+
; User-Specified and Inferred Latches                                                                              ;
+----------------------------------------------------+------------------------------------+------------------------+
; Latch Name                                         ; Latch Enable Signal                ; Free of Timing Hazards ;
+----------------------------------------------------+------------------------------------+------------------------+
; SDES:u_sdes_core|iip_out[7]                        ; spi_control:u_spi_block|data_ready ; yes                    ;
; SDES:u_sdes_core|iip_out[6]                        ; spi_control:u_spi_block|data_ready ; yes                    ;
; SDES:u_sdes_core|iip_out[5]                        ; spi_control:u_spi_block|data_ready ; yes                    ;
; SDES:u_sdes_core|iip_out[4]                        ; spi_control:u_spi_block|data_ready ; yes                    ;
; SDES:u_sdes_core|iip_out[3]                        ; spi_control:u_spi_block|data_ready ; yes                    ;
; SDES:u_sdes_core|iip_out[2]                        ; spi_control:u_spi_block|data_ready ; yes                    ;
; SDES:u_sdes_core|iip_out[1]                        ; spi_control:u_spi_block|data_ready ; yes                    ;
; SDES:u_sdes_core|iip_out[0]                        ; spi_control:u_spi_block|data_ready ; yes                    ;
; Number of user-specified and inferred latches = 8  ;                                    ;                        ;
+----------------------------------------------------+------------------------------------+------------------------+
Note: All latches listed above may not be present at the end of synthesis due to various synthesis optimizations.


+--------------------------------------------------------------------------------+
; Registers Removed During Synthesis                                             ;
+---------------------------------------+----------------------------------------+
; Register name                         ; Reason for Removal                     ;
+---------------------------------------+----------------------------------------+
; spi_control:u_spi_block|tx_reg[0]     ; Stuck at GND due to stuck port data_in ;
; spi_control:u_spi_block|state~8       ; Lost fanout                            ;
; spi_control:u_spi_block|state~9       ; Lost fanout                            ;
; Total Number of Removed Registers = 3 ;                                        ;
+---------------------------------------+----------------------------------------+


+------------------------------------------------------+
; General Register Statistics                          ;
+----------------------------------------------+-------+
; Statistic                                    ; Value ;
+----------------------------------------------+-------+
; Total registers                              ; 56    ;
; Number of registers using Synchronous Clear  ; 0     ;
; Number of registers using Synchronous Load   ; 0     ;
; Number of registers using Asynchronous Clear ; 56    ;
; Number of registers using Asynchronous Load  ; 0     ;
; Number of registers using Clock Enable       ; 43    ;
; Number of registers using Preset             ; 0     ;
+----------------------------------------------+-------+


+-----------------------------------------------------------------------------------------------------------------------------------------------------------+
; Multiplexer Restructuring Statistics (Restructuring Performed)                                                                                            ;
+--------------------+-----------+---------------+----------------------+------------------------+------------+---------------------------------------------+
; Multiplexer Inputs ; Bus Width ; Baseline Area ; Area if Restructured ; Saving if Restructured ; Registered ; Example Multiplexer Output                  ;
+--------------------+-----------+---------------+----------------------+------------------------+------------+---------------------------------------------+
; 3:1                ; 6 bits    ; 12 LEs        ; 12 LEs               ; 0 LEs                  ; Yes        ; |TOPM|spi_control:u_spi_block|tx_reg[7]     ;
; 4:1                ; 18 bits   ; 36 LEs        ; 0 LEs                ; 36 LEs                 ; Yes        ; |TOPM|spi_control:u_spi_block|shift_reg[11] ;
; 7:1                ; 4 bits    ; 16 LEs        ; 12 LEs               ; 4 LEs                  ; No         ; |TOPM|spi_control:u_spi_block|Selector4     ;
+--------------------+-----------+---------------+----------------------+------------------------+------------+---------------------------------------------+


+----------------------------------------------+
; Port Connectivity Checks: "SDES:u_sdes_core" ;
+---------+-------+----------+-----------------+
; Port    ; Type  ; Severity ; Details         ;
+---------+-------+----------+-----------------+
; encrypt ; Input ; Info     ; Stuck at VCC    ;
+---------+-------+----------+-----------------+


+-----------------------------------------------------+
; Post-Synthesis Netlist Statistics for Top Partition ;
+-----------------------+-----------------------------+
; Type                  ; Count                       ;
+-----------------------+-----------------------------+
; arriav_ff             ; 56                          ;
;     CLR               ; 13                          ;
;     ENA CLR           ; 43                          ;
; arriav_lcell_comb     ; 56                          ;
;     normal            ; 56                          ;
;         2 data inputs ; 9                           ;
;         3 data inputs ; 13                          ;
;         4 data inputs ; 9                           ;
;         5 data inputs ; 14                          ;
;         6 data inputs ; 11                          ;
; boundary_port         ; 6                           ;
;                       ;                             ;
; Max LUT depth         ; 4.00                        ;
; Average LUT depth     ; 2.06                        ;
+-----------------------+-----------------------------+


+-------------------------------+
; Elapsed Time Per Partition    ;
+----------------+--------------+
; Partition Name ; Elapsed Time ;
+----------------+--------------+
; Top            ; 00:00:00     ;
+----------------+--------------+


+-------------------------------+
; Analysis & Synthesis Messages ;
+-------------------------------+
Info: *******************************************************************
Info: Running Quartus Prime Analysis & Synthesis
    Info: Version 18.1.0 Build 625 09/12/2018 SJ Lite Edition
    Info: Processing started: Sun Jul 12 23:27:36 2026
Info: Command: quartus_map --read_settings_files=on --write_settings_files=off S-DES -c TOPM
Warning (18236): Number of processors has not been specified which may cause overloading on shared machines.  Set the global assignment NUM_PARALLEL_PROCESSORS in your QSF to an appropriate value for best performance.
Info (20030): Parallel compilation is enabled and will use 16 of the 16 processors detected
Info (12021): Found 1 design units, including 1 entities, in source file topm.v
    Info (12023): Found entity 1: TOPM File: D:/ACADS/CHIPATHON/2026/Chipaton-IEEE-2026-Track-A-Team-Elka1/S-DES Verilog/TOPM.v Line: 1
Info (12021): Found 1 design units, including 1 entities, in source file spi_control.v
    Info (12023): Found entity 1: spi_control File: D:/ACADS/CHIPATHON/2026/Chipaton-IEEE-2026-Track-A-Team-Elka1/S-DES Verilog/spi_control.v Line: 1
Info (12021): Found 1 design units, including 1 entities, in source file sdes_en.v
    Info (12023): Found entity 1: SDES File: D:/ACADS/CHIPATHON/2026/Chipaton-IEEE-2026-Track-A-Team-Elka1/S-DES Verilog/SDES_En.v Line: 6
Info (12127): Elaborating entity "TOPM" for the top level hierarchy
Info (12128): Elaborating entity "spi_control" for hierarchy "spi_control:u_spi_block" File: D:/ACADS/CHIPATHON/2026/Chipaton-IEEE-2026-Track-A-Team-Elka1/S-DES Verilog/TOPM.v Line: 28
Info (12128): Elaborating entity "SDES" for hierarchy "SDES:u_sdes_core" File: D:/ACADS/CHIPATHON/2026/Chipaton-IEEE-2026-Track-A-Team-Elka1/S-DES Verilog/TOPM.v Line: 36
Warning (10240): Verilog HDL Always Construct warning at SDES_En.v(139): inferring latch(es) for variable "tempB", which holds its previous value in one or more paths through the always construct File: D:/ACADS/CHIPATHON/2026/Chipaton-IEEE-2026-Track-A-Team-Elka1/S-DES Verilog/SDES_En.v Line: 139
Warning (10240): Verilog HDL Always Construct warning at SDES_En.v(139): inferring latch(es) for variable "tempD", which holds its previous value in one or more paths through the always construct File: D:/ACADS/CHIPATHON/2026/Chipaton-IEEE-2026-Track-A-Team-Elka1/S-DES Verilog/SDES_En.v Line: 139
Warning (10240): Verilog HDL Always Construct warning at SDES_En.v(139): inferring latch(es) for variable "IP_out", which holds its previous value in one or more paths through the always construct File: D:/ACADS/CHIPATHON/2026/Chipaton-IEEE-2026-Track-A-Team-Elka1/S-DES Verilog/SDES_En.v Line: 139
Warning (10240): Verilog HDL Always Construct warning at SDES_En.v(139): inferring latch(es) for variable "feistel_out", which holds its previous value in one or more paths through the always construct File: D:/ACADS/CHIPATHON/2026/Chipaton-IEEE-2026-Track-A-Team-Elka1/S-DES Verilog/SDES_En.v Line: 139
Warning (10240): Verilog HDL Always Construct warning at SDES_En.v(139): inferring latch(es) for variable "sw_out", which holds its previous value in one or more paths through the always construct File: D:/ACADS/CHIPATHON/2026/Chipaton-IEEE-2026-Track-A-Team-Elka1/S-DES Verilog/SDES_En.v Line: 139
Warning (10240): Verilog HDL Always Construct warning at SDES_En.v(139): inferring latch(es) for variable "iip_out", which holds its previous value in one or more paths through the always construct File: D:/ACADS/CHIPATHON/2026/Chipaton-IEEE-2026-Track-A-Team-Elka1/S-DES Verilog/SDES_En.v Line: 139
Info (10041): Inferred latch for "iip_out[0]" at SDES_En.v(139) File: D:/ACADS/CHIPATHON/2026/Chipaton-IEEE-2026-Track-A-Team-Elka1/S-DES Verilog/SDES_En.v Line: 139
Info (10041): Inferred latch for "iip_out[1]" at SDES_En.v(139) File: D:/ACADS/CHIPATHON/2026/Chipaton-IEEE-2026-Track-A-Team-Elka1/S-DES Verilog/SDES_En.v Line: 139
Info (10041): Inferred latch for "iip_out[2]" at SDES_En.v(139) File: D:/ACADS/CHIPATHON/2026/Chipaton-IEEE-2026-Track-A-Team-Elka1/S-DES Verilog/SDES_En.v Line: 139
Info (10041): Inferred latch for "iip_out[3]" at SDES_En.v(139) File: D:/ACADS/CHIPATHON/2026/Chipaton-IEEE-2026-Track-A-Team-Elka1/S-DES Verilog/SDES_En.v Line: 139
Info (10041): Inferred latch for "iip_out[4]" at SDES_En.v(139) File: D:/ACADS/CHIPATHON/2026/Chipaton-IEEE-2026-Track-A-Team-Elka1/S-DES Verilog/SDES_En.v Line: 139
Info (10041): Inferred latch for "iip_out[5]" at SDES_En.v(139) File: D:/ACADS/CHIPATHON/2026/Chipaton-IEEE-2026-Track-A-Team-Elka1/S-DES Verilog/SDES_En.v Line: 139
Info (10041): Inferred latch for "iip_out[6]" at SDES_En.v(139) File: D:/ACADS/CHIPATHON/2026/Chipaton-IEEE-2026-Track-A-Team-Elka1/S-DES Verilog/SDES_En.v Line: 139
Info (10041): Inferred latch for "iip_out[7]" at SDES_En.v(139) File: D:/ACADS/CHIPATHON/2026/Chipaton-IEEE-2026-Track-A-Team-Elka1/S-DES Verilog/SDES_En.v Line: 139
Info (286030): Timing-Driven Synthesis is running
Info (17049): 2 registers lost all their fanouts during netlist optimizations.
Info (16010): Generating hard_block partition "hard_block:auto_generated_inst"
    Info (16011): Adding 0 node(s), including 0 DDIO, 0 PLL, 0 transceiver and 0 LCELL
Info (21057): Implemented 99 device resources after synthesis - the final resource count might be different
    Info (21058): Implemented 4 input pins
    Info (21059): Implemented 2 output pins
    Info (21061): Implemented 93 logic cells
Info: Quartus Prime Analysis & Synthesis was successful. 0 errors, 7 warnings
    Info: Peak virtual memory: 4903 megabytes
    Info: Processing ended: Sun Jul 12 23:27:43 2026
    Info: Elapsed time: 00:00:07
    Info: Total CPU time (on all processors): 00:00:16


